// Jest Snapshot v1, https://goo.gl/fbAQLP

exports[`Tests in <TodoListItem /> component It should render correctly 1`] = `
<li
  className="list-group-item"
>
  <p
    className="false"
    onClick={[Function]}
  >
    1
    . 
    Learn React
  </p>
  <button
    className="btn btn-danger"
    onClick={[Function]}
  >
    Delete
  </button>
</li>
`;
