// Jest Snapshot v1, https://goo.gl/fbAQLP

exports[`Tests in <HookApp/> component It should render correnctly 1`] = `
<div>
  <h1>
    Hello world
  </h1>
</div>
`;
