// Jest Snapshot v1, https://goo.gl/fbAQLP

exports[`Tests for <HomeScreen /> component It should render correctly 1`] = `
<div>
  <h1>
    HomeScreen
  </h1>
  <hr />
  <pre>
    {
   "name": "David",
   "email": "david@gmail.com"
}
  </pre>
</div>
`;
